---
source: src/document.rs
expression: errors_json
input_file: src/lint_tests/should_error_when_req_in_befetch.vcl
---
[
  {
    "range": {
      "start": {
        "line": 1,
        "character": 8
      },
      "end": {
        "line": 1,
        "character": 24
      }
    },
    "severity": 1,
    "message": "«req» does not exist in «vcl_backend_fetch»"
  }
]
